[107m[97m▄▄▄▄▄▄▄▄▄▄▄▄▄▄▄▄▄▄▄▄▄▄▄▄▄▄▄▄▄▄▄▄▄▄▄▄▄▄▄▄▄▄▄▄▄▄▄▄▄▄▄▄▄▄▄▄▄▄▄▄▄▄▄▄▄▄▄▄▄▄▄▄▄▄▄▄▄▄[0m
[107m[97m▄▄▄▄▄▄▄▄▄▄▄▄▄▄▄▄▄▄▄▄▄▄▄▄▄▄▄▄▄▄▄▄▄▄▄▄▄▄▄▄▄▄▄▄▄▄▄▄▄▄▄▄▄▄▄▄▄▄▄▄▄▄▄▄▄▄▄▄▄▄▄▄▄▄▄▄▄▄[0m
[107m[97m▄▄▄▄▄▄▄▄▄▄▄▄▄▄▄▄▄▄▄▄▄▄▄▄▄▄▄▄▄▄▄▄▄▄▄▄▄▄▄▄▄▄▄▄▄▄▄▄▄▄▄▄▄▄▄▄▄▄▄▄▄▄▄▄▄▄▄▄▄▄▄▄▄▄▄▄▄▄[0m
[107m[97m▄▄▄▄▄▄▄▄▄▄▄▄▄▄▄▄▄▄▄▄▄▄▄▄▄▄▄▄▄▄▄▄▄▄▄▄▄▄▄▄▄▄▄▄▄▄▄▄▄▄▄▄▄▄▄▄▄▄▄▄▄▄▄▄▄▄▄▄▄▄▄▄▄▄▄▄▄▄[0m
[107m[97m▄▄▄▄▄▄▄▄▄▄▄▄▄▄▄▄▄▄▄▄▄▄▄▄▄▄▄▄▄▄▄▄▄▄▄▄▄▄▄▄▄▄▄▄▄▄▄▄▄▄▄▄▄▄▄▄▄▄▄▄▄▄▄▄▄▄▄▄▄▄▄▄▄▄▄▄▄▄[0m
[107m[97m▄▄▄▄▄▄▄▄▄▄▄▄▄▄▄▄▄▄▄▄▄▄▄▄▄▄▄▄▄▄▄▄▄▄▄▄▄▄▄▄▄▄▄▄▄▄▄▄▄▄▄▄▄▄▄▄▄▄▄▄▄▄▄▄▄▄▄▄▄▄▄▄▄▄▄▄▄▄[0m
[107m[97m▄▄▄▄▄▄▄▄▄▄▄▄▄▄▄▄▄▄▄▄▄▄▄▄▄▄▄▄▄▄▄▄▄▄▄▄▄▄▄▄▄▄▄▄▄▄▄▄▄▄▄▄▄▄▄▄▄▄▄▄▄▄▄▄▄▄▄▄▄▄▄▄▄▄▄▄▄▄[0m
[107m[97m▄▄▄▄▄▄▄▄▄▄▄▄▄▄▄▄▄▄▄▄▄▄▄▄▄▄▄▄▄▄▄▄▄▄▄▄▄▄[37m▄[97m▄▄▄▄▄▄▄▄▄▄▄▄▄▄▄▄▄▄▄▄▄▄▄▄▄▄▄▄▄▄▄▄▄▄▄▄▄▄▄[0m
[107m[97m▄▄▄▄▄▄▄▄▄▄▄▄▄▄▄▄▄▄▄▄▄▄▄▄▄▄▄▄▄[37m▄▄[90m▄[47m[30m▄▄[100m▄[40m▄▄▄▄▄▄▄▄▄[100m▄▄[47m▄[107m▄[37m▄▄[97m▄▄▄▄▄▄▄▄▄▄▄▄▄▄▄▄▄▄▄▄▄▄▄▄▄▄▄▄[0m
[107m[97m▄▄▄▄▄▄▄▄▄▄▄▄▄▄▄▄▄▄▄▄▄▄▄▄▄▄[37m▄[30m▄[100m▄▄[40m▄▄[90m▄▄[37m▄[97m▄[100m[37m▄[97m▄▄▄▄▄[40m▄▄[37m▄▄[90m▄[30m▄▄▄[100m▄[47m[90m▄[107m▄[97m▄▄▄▄▄▄▄▄▄▄▄▄▄▄▄▄▄▄▄▄▄▄▄▄▄[0m
[107m[97m▄▄▄▄▄▄▄▄▄▄▄▄▄▄▄▄▄▄▄▄▄▄▄[37m▄[47m[90m▄[100m[30m▄[40m▄▄[90m▄[37m▄[100m[97m▄[47m▄[107m▄▄▄▄▄▄▄▄▄▄▄▄▄▄▄▄[100m▄[37m▄[40m▄[30m▄▄▄[107m▄[37m▄[97m▄▄▄▄▄▄▄▄▄▄▄▄▄▄▄▄▄▄▄▄▄▄[0m
[107m[97m▄▄▄▄▄▄▄▄▄▄▄▄▄▄▄▄▄▄▄▄▄[37m▄[47m[90m▄[100m[30m▄[40m▄▄[97m▄[47m▄[107m▄▄▄▄▄▄▄▄▄▄▄▄▄▄▄▄▄▄▄▄▄▄▄[47m▄[100m▄[40m[90m▄[30m▄▄[47m▄[37m▄[107m[97m▄▄▄▄▄▄▄▄▄▄▄▄▄▄▄▄▄▄▄▄[0m
[107m[97m▄▄▄▄▄▄▄▄▄▄▄▄▄▄▄▄▄▄▄▄[47m[90m▄[100m[30m▄[40m▄▄[100m[97m▄[47m▄[107m▄▄▄▄▄▄▄▄▄▄▄▄[37m▄[90m▄[30m▄[47m▄[107m▄▄[90m▄[97m▄▄▄▄▄▄▄▄▄[100m▄[40m[37m▄[30m▄▄[47m▄[107m[37m▄[97m▄▄▄▄▄▄▄▄▄▄▄▄▄▄▄▄▄▄[0m
[107m[97m▄▄▄▄▄▄▄▄▄▄▄▄▄▄▄▄▄▄[37m▄[100m[90m▄[40m[30m▄▄[37m▄[107m[97m▄▄▄▄▄▄▄▄▄▄▄▄▄[37m▄[47m[90m▄[40m[30m▄▄▄▄▄▄▄▄[107m[90m▄[97m▄▄▄▄▄▄▄▄▄[100m▄[40m[90m▄[30m▄[100m▄[107m[90m▄[97m▄▄▄▄▄▄▄▄▄▄▄▄▄▄▄▄▄[0m
[107m[97m▄▄▄▄▄▄▄▄▄▄▄▄▄▄▄▄▄[37m▄[100m[30m▄[40m▄▄[100m[97m▄[107m▄▄▄▄▄▄▄▄▄▄▄▄▄▄[47m[90m▄[40m[30m▄▄▄▄▄[107m[90m▄[100m[30m▄[40m▄▄[100m▄[107m[90m▄[97m▄▄▄▄▄▄▄▄▄[47m▄[40m[90m▄[30m▄▄[107m[90m▄[97m▄▄▄▄▄▄▄▄▄▄▄▄▄▄▄▄[0m
[107m[97m▄▄▄▄▄▄▄▄▄▄▄▄▄▄▄▄[37m▄[100m[30m▄[40m▄[90m▄[47m[97m▄[107m▄▄▄▄▄▄▄▄▄▄▄▄▄▄[47m▄[100m[90m▄[40m[30m▄▄▄▄▄▄▄▄▄▄[100m▄[47m▄[90m▄[107m▄[37m▄[97m▄▄▄▄▄▄▄[40m[90m▄[30m▄▄[107m[37m▄[97m▄▄▄▄▄▄▄▄▄▄▄▄▄▄▄[0m
[107m[97m▄▄▄▄▄▄▄▄▄▄▄▄▄▄▄▄[100m[90m▄[40m[30m▄▄[100m[97m▄[107m▄▄▄▄▄▄▄▄▄▄▄▄▄▄▄▄[100m[37m▄[40m[30m▄▄▄▄▄▄▄[90m▄[37m▄[97m▄[37m▄▄▄▄[100m▄[47m[97m▄[107m▄▄▄▄▄▄▄[40m[90m▄▄[30m▄[107m[37m▄[97m▄▄▄▄▄▄▄▄▄▄▄▄▄▄[0m
[107m[97m▄▄▄▄▄▄▄▄▄▄▄▄▄▄▄[47m[37m▄[40m[30m▄▄[100m[37m▄[107m[97m▄▄▄▄▄▄▄▄▄▄▄▄▄▄▄▄▄▄[40m[37m▄[30m▄▄▄▄▄▄[107m[97m▄▄▄▄▄▄▄▄▄▄▄▄▄▄[37m▄[47m[30m▄[90m▄[107m[30m▄[47m[90m▄[107m▄[97m▄▄▄▄▄▄▄▄▄▄▄▄▄▄[0m
[107m[97m▄▄▄▄▄▄▄▄▄▄▄▄▄▄▄[100m[90m▄[40m[30m▄▄[47m[97m▄[107m▄▄▄▄▄▄▄▄▄▄▄▄▄▄▄▄▄▄▄[100m[37m▄[40m[30m▄▄▄▄▄[47m▄[107m[97m▄▄▄▄▄▄▄▄▄▄▄▄▄[47m▄[40m[90m▄[47m[30m▄[40m[37m▄[30m▄▄▄[47m▄[90m▄[107m[37m▄[97m▄▄▄▄▄▄▄▄▄▄[0m
[107m[97m▄▄▄▄▄▄▄▄▄▄▄▄▄▄[47m▄[40m[90m▄[30m▄[100m[90m▄[47m[97m▄[107m▄▄▄▄▄▄▄▄▄▄▄▄▄[37m▄▄[90m▄▄▄[37m▄[47m[90m▄[40m[30m▄▄▄▄▄▄[100m▄[47m▄[107m[97m▄▄▄▄▄▄▄▄▄▄▄▄[47m[37m▄[40m[30m▄▄[47m[90m▄[40m▄▄[30m▄▄▄[47m▄[107m[37m▄[97m▄▄▄▄▄▄▄▄[0m
[107m[97m▄▄▄▄▄▄▄▄▄▄▄▄▄▄[47m▄[40m[30m▄▄[90m▄[107m[97m▄▄▄▄▄▄▄▄▄▄[90m▄▄[100m[30m▄▄[40m▄▄▄▄▄▄▄▄▄▄▄▄▄▄▄[100m▄[107m[90m▄[97m▄▄▄▄▄▄▄▄▄▄[47m[90m▄[40m[30m▄▄▄▄[47m▄[40m[90m▄[37m▄[90m▄[30m▄[100m▄[47m[90m▄[107m[97m▄▄▄▄▄▄▄[0m
[107m[97m▄▄▄▄▄▄▄▄▄▄▄▄▄▄▄[40m[30m▄▄[100m▄[47m[97m▄[107m▄▄[37m▄[47m[30m▄[90m▄[107m[30m▄[90m▄[47m[30m▄[100m▄[40m▄▄▄▄▄▄▄▄▄▄▄▄▄▄▄▄▄▄▄▄▄[107m[37m▄[97m▄▄▄▄▄▄▄▄[37m▄[40m[30m▄▄▄▄▄▄▄▄[100m▄[47m▄[100m▄[90m▄[47m[97m▄[107m▄▄▄▄▄▄[0m
[107m[97m▄▄▄▄▄▄▄▄▄▄▄▄▄▄[37m▄[100m[90m▄[40m[30m▄▄[107m[97m▄▄▄▄[100m[37m▄[40m[30m▄▄▄▄[90m▄[97m▄[47m▄[46m▄[104m[36m▄[46m▄[104m▄[100m[94m▄[40m[34m▄[30m▄▄▄▄▄▄▄▄▄▄▄▄▄[47m[90m▄[107m[97m▄▄▄▄▄▄▄▄[47m[90m▄[40m[30m▄▄▄▄▄[90m▄[97m▄[100m▄[47m▄▄▄▄[107m▄▄▄▄▄▄▄[0m
[107m[97m▄▄▄▄▄▄▄▄▄▄▄▄▄▄▄[47m▄[40m[30m▄▄[47m[90m▄[107m[97m▄▄▄▄[100m▄[40m[90m▄[30m▄▄▄[100m▄[106m[94m▄[104m[36m▄[46m[94m▄[104m[36m▄[46m[94m▄[36m▄[94m▄[44m[36m▄[40m[30m▄▄▄▄▄▄▄▄▄▄▄▄[47m[37m▄[107m[97m▄▄▄▄▄▄[37m▄[100m[90m▄[40m[30m▄▄▄[90m▄[37m▄[47m[97m▄[107m▄▄▄▄▄▄▄▄▄▄▄▄▄▄[0m
[107m[97m▄▄▄▄▄▄▄▄▄▄▄▄▄▄▄▄[40m[90m▄[30m▄▄[47m[37m▄[107m[97m▄▄▄▄[47m▄[40m[90m▄[30m▄▄▄▄[104m▄[46m[34m▄[104m[94m▄[46m▄[104m▄[30m▄[40m▄▄▄▄▄▄▄▄▄▄▄▄[90m▄[47m[97m▄[107m▄▄▄▄▄▄[47m[37m▄[40m[30m▄▄▄▄[47m[97m▄[107m▄▄▄▄▄▄▄▄▄▄▄▄▄▄▄▄[0m
[107m[97m▄▄▄▄▄▄▄▄▄▄▄▄▄▄▄▄[47m▄[40m[90m▄[30m▄[100m▄[107m[37m▄[97m▄▄▄▄[47m▄[40m[37m▄[30m▄▄▄▄▄▄▄▄▄▄▄▄▄▄▄▄▄▄▄▄[90m▄[47m[97m▄[107m▄▄▄▄▄▄[90m▄[40m[30m▄▄[90m▄[100m[97m▄[47m▄[107m▄▄▄▄▄▄▄▄▄▄▄▄▄▄▄▄▄[0m
[107m[97m▄▄▄▄▄▄▄▄▄▄▄▄▄▄▄▄▄[47m▄[40m[90m▄[30m▄[100m▄[107m[37m▄[97m▄▄▄▄▄[47m▄[40m[37m▄[90m▄[30m▄▄▄▄▄▄▄▄▄▄▄▄▄▄▄[90m▄[100m[97m▄[107m▄▄▄▄▄▄[37m▄[90m▄[40m[30m▄▄[90m▄[47m[97m▄[107m▄▄▄▄▄▄▄▄▄▄▄▄▄▄▄▄▄▄▄[0m
[107m[97m▄▄▄▄▄▄▄▄▄▄▄▄▄▄▄▄▄▄[47m▄[40m[90m▄[30m▄▄[47m[90m▄[107m[97m▄▄▄▄▄▄▄[100m▄[40m▄[36m▄[90m▄[30m▄▄▄▄▄▄[90m▄[30m▄[36m▄[97m▄[47m▄[107m▄▄▄▄▄▄▄▄[47m[90m▄[100m[30m▄[40m▄[90m▄[47m[97m▄[107m▄▄▄▄▄▄▄▄▄▄▄▄▄▄▄▄▄▄▄▄[0m
[107m[97m▄▄▄▄▄▄▄▄▄▄▄▄▄▄▄▄▄▄▄▄[40m[37m▄[90m▄[30m▄[100m▄[107m[90m▄[97m▄▄▄▄▄▄▄▄[47m[37m▄[40m[30m▄[106m[37m▄[97m▄[47m▄[106m▄[107m▄[106m▄[40m[30m▄[47m▄[107m[90m▄[37m▄▄[97m▄▄▄▄▄[37m▄[100m[90m▄[40m[30m▄▄[37m▄[107m[97m▄▄▄▄▄▄▄▄▄▄▄▄▄▄▄▄▄▄▄▄▄▄[0m
[107m[97m▄▄▄▄▄▄▄▄▄▄▄▄▄▄▄▄▄▄▄▄▄[47m▄[40m[37m▄[30m▄▄[100m▄[107m▄[37m▄[97m▄▄▄▄▄[47m[90m▄[40m[30m▄[100m▄[47m▄▄[107m▄[97m▄[100m[37m▄[40m[90m▄[30m▄[90m▄▄[100m[37m▄[47m[97m▄[107m▄▄[37m▄[47m[90m▄[100m[30m▄[40m▄▄[100m[97m▄[107m▄▄▄▄▄▄▄▄▄▄▄▄▄▄▄▄▄▄▄▄▄▄▄[0m
[107m[97m▄▄▄▄▄▄▄▄▄▄▄▄▄▄▄▄▄▄▄▄▄▄▄[47m▄[40m[37m▄[90m▄[30m▄▄[47m▄[90m▄[107m[37m▄▄[97m▄[100m▄[40m▄▄[90m▄[100m[97m▄[47m▄[107m▄▄▄▄[47m▄▄[107m▄[37m▄[90m▄[47m[30m▄[40m▄▄[90m▄[37m▄[107m[97m▄▄▄▄▄▄▄▄▄▄▄▄▄▄▄▄▄▄▄▄▄▄▄▄▄[0m
[107m[97m▄▄▄▄▄▄▄▄▄▄▄▄▄▄▄▄▄▄▄▄▄▄▄▄▄▄[100m▄[40m▄[90m▄[30m▄▄▄[100m▄[47m▄[107m▄[90m▄▄▄▄▄▄▄▄[47m[30m▄[90m▄[100m[30m▄[40m▄▄[90m▄[37m▄[100m[97m▄[107m▄▄▄▄▄▄▄▄▄▄▄▄▄▄▄▄▄▄▄▄▄▄▄▄▄▄▄[0m
[107m[97m▄▄▄▄▄▄▄▄▄▄▄▄▄▄▄▄▄▄▄▄▄▄▄▄▄▄▄▄▄[47m▄[100m▄▄[40m[37m▄[90m▄[30m▄▄▄▄▄▄▄▄▄▄[90m▄[37m▄[100m[97m▄▄[107m▄▄▄▄▄▄▄▄▄▄▄▄▄▄▄▄▄▄▄▄▄▄▄▄▄▄▄▄▄▄[0m
[107m[97m▄▄▄▄▄▄▄▄▄▄▄▄▄▄▄▄▄▄▄▄▄▄▄▄▄▄▄▄▄▄▄▄▄▄▄▄[47m▄▄▄▄▄▄[107m▄▄▄▄▄▄▄▄▄▄▄▄▄▄▄▄▄▄▄▄▄▄▄▄▄▄▄▄▄▄▄▄▄▄▄▄[0m
[107m[97m▄▄▄▄▄▄▄▄▄▄▄▄▄▄▄▄▄▄▄▄▄▄▄▄▄▄▄▄▄▄▄▄▄▄▄▄▄▄▄▄▄▄▄▄▄▄▄▄▄▄▄▄▄▄▄▄▄▄▄▄▄▄▄▄▄▄▄▄▄▄▄▄▄▄▄▄▄▄[0m
[107m[97m▄▄▄▄▄▄▄▄▄▄▄▄▄▄▄▄▄▄▄▄▄▄▄▄▄▄▄▄▄▄▄▄▄▄▄▄▄▄▄▄▄▄▄▄▄▄▄▄▄▄▄▄▄▄▄▄▄▄▄▄▄▄▄▄▄▄▄▄▄▄▄▄▄▄▄▄▄▄[0m
[107m[97m▄▄▄▄▄▄▄▄▄▄▄▄▄▄▄▄▄▄▄▄▄▄▄▄▄▄▄▄▄▄▄▄▄▄▄▄▄▄▄▄▄▄▄▄▄▄▄▄▄▄▄▄▄▄▄▄▄▄▄▄▄▄▄▄▄▄▄▄▄▄▄▄▄▄▄▄▄▄[0m
[107m[97m▄▄▄▄▄▄▄▄▄▄▄▄▄▄▄▄▄▄▄▄▄▄▄▄▄▄▄▄▄▄▄▄▄▄▄▄▄▄▄▄▄▄▄▄▄▄▄▄▄▄▄▄▄▄▄▄▄▄▄▄▄▄▄▄▄▄▄▄▄▄▄▄▄▄▄▄▄▄[0m
[107m[97m▄▄▄▄▄▄▄▄▄▄▄▄▄▄▄▄▄▄▄▄▄▄▄▄▄▄▄▄▄▄▄▄▄▄▄▄▄▄▄▄▄▄▄▄▄▄▄▄▄▄▄▄▄▄▄▄▄▄▄▄▄▄▄▄▄▄▄▄▄▄▄▄▄▄▄▄▄▄[0m
